nohup: no se tendrá en cuenta la entrada
Conectado a quiz_sevilla.db
Conectado a la base de datos
 * Serving Flask app 'app'
 * Debug mode: on
WARNING: This is a development server. Do not use it in a production deployment. Use a production WSGI server instead.
 * Running on http://localhost:5000
Press CTRL+C to quit
 * Restarting with stat
 * Debugger is active!
 * Debugger PIN: 263-919-589
127.0.0.1 - - [25/May/2026 09:51:57] "GET / HTTP/1.1" 200 -
 * Detected change in '/home/alumnado/Escritorio/curso/app.py', reloading
Conectado a quiz_sevilla.db
Conectado a la base de datos
 * Restarting with stat
 * Debugger is active!
 * Debugger PIN: 263-919-589
 * Detected change in '/home/alumnado/Escritorio/curso/app.py', reloading
Conectado a quiz_sevilla.db
Conectado a la base de datos
 * Restarting with stat
 * Debugger is active!
 * Debugger PIN: 263-919-589
